C51 COMPILER V9.59.0.0   2                                                                 05/22/2019 18:14:49 PAGE 1   


C51 COMPILER V9.59.0.0, COMPILATION OF MODULE 2
OBJECT MODULE PLACED IN .\Objects\2.obj
COMPILER INVOKED BY: C:\Keil_v5\C51\BIN\C51.EXE 2.c OPTIMIZE(8,SPEED) BROWSE DEBUG OBJECTEXTEND PRINT(.\Listings\2.lst) 
                    -TABS(2) OBJECT(.\Objects\2.obj)

line level    source

   1          #include<reg52.h>
   2          
   3          int main ()
   4          {
   5   1        P1 = 0x00;   // P1 as input
   6   1        P2 = 0xFF;   // P2 as output
   7   1        
   8   1      while(1)
   9   1      {
  10   2        P2 = P1 & 0xAA;
  11   2      }
  12   1        
  13   1        
  14   1        
  15   1      }


MODULE INFORMATION:   STATIC OVERLAYABLE
   CODE SIZE        =     14    ----
   CONSTANT SIZE    =   ----    ----
   XDATA SIZE       =   ----    ----
   PDATA SIZE       =   ----    ----
   DATA SIZE        =   ----    ----
   IDATA SIZE       =   ----    ----
   BIT SIZE         =   ----    ----
END OF MODULE INFORMATION.


C51 COMPILATION COMPLETE.  0 WARNING(S),  0 ERROR(S)
