C51 COMPILER V9.59.0.0   POORNIMA1                                                         05/22/2019 18:34:59 PAGE 1   


C51 COMPILER V9.59.0.0, COMPILATION OF MODULE POORNIMA1
OBJECT MODULE PLACED IN .\Objects\poornima1.obj
COMPILER INVOKED BY: C:\Keil_v5\C51\BIN\C51.EXE poornima1.c OPTIMIZE(8,SPEED) BROWSE DEBUG OBJECTEXTEND PRINT(.\Listings
                    -\poornima1.lst) TABS(2) OBJECT(.\Objects\poornima1.obj)

line level    source

   1          #include<reg51.h>
   2          
   3          void delay(unsigned int ms_count)    //delay function for 1 sec
   4          {
   5   1        unsigned int i,j;
   6   1         for(i=0; i<=ms_count; i++)
   7   1         {
   8   2           for(j=0; j<100; j++);
   9   2         }
  10   1      }
  11          
  12          void main()         // main function
  13          {
  14   1        while(1)
  15   1        {
  16   2        P1 = 0xff;     // on P1 port all pins   1111 1111 
  17   2        delay(1000);
  18   2        P1= 0x00;      // off P1 port all pins 0000 0000
  19   2        delay(1000);
  20   2        }
  21   1      }


MODULE INFORMATION:   STATIC OVERLAYABLE
   CODE SIZE        =     50    ----
   CONSTANT SIZE    =   ----    ----
   XDATA SIZE       =   ----    ----
   PDATA SIZE       =   ----    ----
   DATA SIZE        =   ----    ----
   IDATA SIZE       =   ----    ----
   BIT SIZE         =   ----    ----
END OF MODULE INFORMATION.


C51 COMPILATION COMPLETE.  0 WARNING(S),  0 ERROR(S)
